[2026-04-03 00:51:48,315] 12 root INFO - Starting data ingestion process
[2026-04-03 00:51:48,315] 23 root INFO - Data Ingestion config: <network_securities.entity.config_entity.DataIngestionConfig object at 0x000001DB70A8B510>
[2026-04-03 00:51:48,870] 35 root INFO - Connected to MongoDB database: Network_Securities and collection: Phishing_Data
[2026-04-03 00:53:00,955] 43 root INFO - Exported collection data as dataframe with shape: (55275, 31)
[2026-04-03 00:53:01,322] 62 root INFO - Exported data to feature store at path: artifact\2026-04-03_00-51-37\data_ingestion\feature_store\phisingData.csv
[2026-04-03 00:53:01,339] 78 root INFO - Performed train test split on the dataframe
[2026-04-03 00:53:01,596] 85 root INFO - Training Data is save at path
[2026-04-03 00:53:01,663] 90 root INFO - Testing Data is save at path
[2026-04-03 00:53:01,663] 107 root INFO - Data Ingestion artifact created
[2026-04-03 00:53:01,663] 17 root INFO - Data ingestion process completed successfully
[2026-04-03 00:53:01,663] 19 root INFO - Starting data validation process
[2026-04-03 00:53:01,961] 31 root INFO - Required number of columns: 3
[2026-04-03 00:53:01,963] 32 root INFO - Dataframe has columns: Index(['having_IP_Address', 'URL_Length', 'Shortining_Service',
       'having_At_Symbol', 'double_slash_redirecting', 'Prefix_Suffix',
       'having_Sub_Domain', 'SSLfinal_State', 'Domain_registeration_length',
       'Favicon', 'port', 'HTTPS_token', 'Request_URL', 'URL_of_Anchor',
       'Links_in_tags', 'SFH', 'Submitting_to_email', 'Abnormal_URL',
       'Redirect', 'on_mouseover', 'RightClick', 'popUpWidnow', 'Iframe',
       'age_of_domain', 'DNSRecord', 'web_traffic', 'Page_Rank',
       'Google_Index', 'Links_pointing_to_page', 'Statistical_report',
       'Result'],
      dtype='str')
[2026-04-03 00:53:01,963] 27 root ERROR - Error occurred while initiating data ingestion: Error occurred in file: D:\Python\Machine Learning\Projects\NetworkSecurity\network_securities\components\data_validation.py at line number: 78 with error message: Train dataframe does not have all columns
